#-----------------------------------------------------------
# Vivado v2022.2 (64-bit)
# SW Build 3671981 on Fri Oct 14 05:00:03 MDT 2022
# IP Build 3669848 on Fri Oct 14 08:30:02 MDT 2022
# Start of session at: Fri Sep 20 22:00:37 2024
# Process ID: 5856
# Current directory: C:/C old/SPKT/NAM 2 - K? 2/Ki?n trúc và t? ch?c máy tính/THIET KE MACH NHAN 8 BIT SU DUNG VERILOG HDL/Files/Nhan_RCA_last
# Command line: vivado.exe -gui_launcher_event rodinguilauncherevent1612 C:\C old\SPKT\NAM 2 - K? 2\Ki?n trúc và t? ch?c máy tính\THIET KE MACH NHAN 8 BIT SU DUNG VERILOG HDL\Files\Nhan_RCA_last\Nhan_RCA_last.xpr
# Log file: C:/C old/SPKT/NAM 2 - K? 2/Ki?n trúc và t? ch?c máy tính/THIET KE MACH NHAN 8 BIT SU DUNG VERILOG HDL/Files/Nhan_RCA_last/vivado.log
# Journal file: C:/C old/SPKT/NAM 2 - K? 2/Ki?n trúc và t? ch?c máy tính/THIET KE MACH NHAN 8 BIT SU DUNG VERILOG HDL/Files/Nhan_RCA_last\vivado.jou
# Running On: DESKTOP-8K57F3Q, OS: Windows, CPU Frequency: 3110 MHz, CPU Physical cores: 12, Host memory: 16870 MB
#-----------------------------------------------------------
start_gui
open_project C:/Users/Admin/ARRAY_last/ARRAY_last.xpr
update_compile_order -fileset sources_1
